// Jest Snapshot v1, https://goo.gl/fbAQLP

exports[`render should render 1`] = `
<h3
  className="Header3"
>
  Hello world
</h3>
`;
