// Jest Snapshot v1, https://goo.gl/fbAQLP

exports[`render should render 1`] = `
<button
  className="Button"
>
  <span>
    ↓
  </span>
</button>
`;

exports[`render should render when toggled 1`] = `
<button
  className="Button"
>
  <span>
    ↑
  </span>
</button>
`;
