// Jest Snapshot v1, https://goo.gl/fbAQLP

exports[`render should render 1`] = `
<button
  className="Button"
>
  Hello world
</button>
`;
