// Jest Snapshot v1, https://goo.gl/fbAQLP

exports[`render should render 1`] = `
<h2
  className="Header2"
>
  Hello world
</h2>
`;
