// Jest Snapshot v1, https://goo.gl/fbAQLP

exports[`render should render 1`] = `
<div
  className="AccordionHeadItem"
>
  Hello world
</div>
`;
