// Jest Snapshot v1, https://goo.gl/fbAQLP

exports[`render should render 1`] = `
<h1
  className="Header1"
>
  Hello world
</h1>
`;
